
PS C:\Users\003869674\Desktop\Gama Academy Turma 12B RB> cd myprojectbranch                                             
PS C:\Users\003869674\Desktop\Gama Academy Turma 12B RB\myprojectbranch> git status                                     
On branch master
Changes not staged for commit:
  (use "git add <file>..." to update what will be committed)
  (use "git restore <file>..." to discard changes in working directory)
        modified:   src/main/java/br/queixas/spring02/controller/AgenteController.java
        modified:   src/main/java/br/queixas/spring02/controller/UserController.java
        modified:   src/main/java/br/queixas/spring02/dao/AgenteDAO.java
        modified:   src/main/resources/application.properties

Untracked files:
  (use "git add <file>..." to include in what will be committed)
        src/main/java/br/queixas/spring02/controller/TransacoesController.java
        src/main/java/br/queixas/spring02/dao/TransacoesDAO.java
        src/main/java/br/queixas/spring02/dto/ContagemStatusDto.java

no changes added to commit (use "git add" and/or "git commit -a")
PS C:\Users\003869674\Desktop\Gama Academy Turma 12B RB\myprojectbranch>                                                                                                                            


PS C:\Users\003869674\Desktop\Gama Academy Turma 12B RB\myprojectbranch> git add .                                      
PS C:\Users\003869674\Desktop\Gama Academy Turma 12B RB\myprojectbranch> git commit -m "funcionado"                     
[master 905ca44] funcionado
 7 files changed, 135 insertions(+), 5 deletions(-)
 create mode 100644 src/main/java/br/queixas/spring02/controller/TransacoesController.java
 create mode 100644 src/main/java/br/queixas/spring02/dao/TransacoesDAO.java
 create mode 100644 src/main/java/br/queixas/spring02/dto/ContagemStatusDto.java
PS C:\Users\003869674\Desktop\Gama Academy Turma 12B RB\myprojectbranch> git branch                                     
* master


ERRO ERRO

-----
nova tentativa ok
-----

PS C:\Users\003869674\Desktop\Gama Academy Turma 12B RB\myprojectbranch> git remote add origin https://github.com/RobsonDavid/pj-java-li.git
PS C:\Users\003869674\Desktop\Gama Academy Turma 12B RB\myprojectbranch> git push -u origin master
Enumerating objects: 33, done.
Counting objects: 100% (33/33), done.
Delta compression using up to 4 threads
Compressing objects: 100% (16/16), done.
Writing objects: 100% (19/19), 3.04 KiB | 444.00 KiB/s, done.
Total 19 (delta 6), reused 0 (delta 0), pack-reused 0
remote: Resolving deltas: 100% (6/6), completed with 5 local objects.
remote:
remote: Create a pull request for 'master' on GitHub by visiting:
remote:      https://github.com/RobsonDavid/pj-java-li/pull/new/master
remote:
To https://github.com/RobsonDavid/pj-java-li.git
 * [new branch]      master -> master
Branch 'master' set up to track remote branch 'master' from 'origin'.


-----

https://github.com/wqueixas/pj-java-li
 RobsonDavid:master had recent pushes 2 minutes ago

Wallace tem que aprovar?!?
Por que não atualizou meu GitHub ?!?

-Robson [Create Pull Request-Robson]
-Wallace [Merg Pull Request]


deu comandos ?!?
git pull (apontou diferencas )... e funcionou !!!


-----